data/runs/5f3ffcd1-3364-4bf7-9a04-49e185bbf05d/panel.csv
t,firm_id,price,cost,quantity,profit
0,0,1.2,1.0,2500.0,499.9999999999999
1,0,1.2665954833226574,1.0665954833226574,2454.910994085185,490.9821988170369
2,0,3.597913874006358,1.197913874006358,892.4272841851479,2141.8254820443553
3,0,3.8801545383886107,1.4801545383886108,743.9964137606352,1785.5913930255244
4,0,3.877454921861692,1.4774549218616924,750.532283484189,1801.277480362053
5,0,3.8376199317726787,1.4376199317726788,787.9168261695359,1891.000382806886
6,0,3.9404549685372254,1.5404549685372255,730.8829245498531,1754.1190189196475
7,0,3.9580117653497515,1.5580117653497518,721.5785324148563,1731.788477795655
8,0,1.935087136247382,1.535087136247382,1714.267279884226,685.7069119536906
9,0,2.236367287144241,1.6363672871442407,1553.398531985202,932.0391191911214
10,0,4.02789304186256,1.62789304186256,686.0183554609883,1646.4440531063722
11,0,3.9204630522218906,1.520463052221891,699.3119692335223,1678.3487261604532
12,0,3.8278236530185543,1.4278236530185542,685.35316338564,1644.847592125536
13,0,3.746526137932993,1.346526137932993,923.8742633419834,2217.2982320207598
14,0,3.741478345949987,1.3414783459499873,895.2932046906571,2148.7036912575772
15,0,3.6157313763779393,1.2157313763779394,964.7392065371431,2315.3740956891434
16,0,3.660674390352467,1.260674390352467,931.0040709827729,2234.409770358655
17,0,2.195400322898082,1.3954003228980818,1764.389441322715,1411.511553058172
18,0,3.7327001987512274,1.3327001987512277,780.2401151816621,1872.5762764359886
19,0,3.8142930551507765,1.4142930551507764,882.9929054251429,2119.182973020343
20,0,3.980541736435675,1.5805417364356753,831.9859058067808,1996.7661739362738
21,0,3.5604689398060825,1.3604689398060827,1045.337333478449,2299.742133652587
22,0,3.589778304595227,1.3897783045952272,811.3758193940234,1785.0268026668516
23,0,3.6596090084305546,1.459609008430555,953.7801770772161,2098.316389569875
24,0,3.5908874525437966,1.3908874525437969,962.8213075001568,2118.2068765003446
25,0,3.6420212977817714,1.4420212977817717,977.3030518967589,2150.0667141728695
26,0,3.5825728446356595,1.3825728446356598,1019.204648495612,2242.250226690346
27,0,2.6554471460730937,1.4554471460730938,2573.427730635535,3088.1132767626423
28,0,2.6122592272044094,1.4122592272044094,2540.7320810730243,3048.878497287629
29,0,2.6733096282467974,1.4733096282467975,2556.8247280645505,3068.1896736774606
30,0,2.792234769211641,1.5922347692116412,2450.1470134679485,2940.176416161538
31,0,2.978294680544403,1.7782946805444029,2293.300501998786,2751.9606023985434
32,0,3.0648048265433823,1.8648048265433823,2331.6944052871554,2798.0332863445865
33,0,3.06588077806795,1.86588077806795,2193.949256337851,2632.739107605421
34,0,3.0120816248027285,1.8120816248027285,2304.246108667988,2765.0953304015857
35,0,2.8286904824091454,1.6286904824091453,2389.9841865918766,2867.981023910252
36,0,2.892434524782238,1.692434524782238,2306.3601583471095,2767.632190016531
37,0,2.772189802560696,1.5721898025606964,2373.748014800673,2848.497617760807
38,0,2.879753297200359,1.679753297200359,2255.226191667203,2706.2714300006432
39,0,2.7724228391414187,1.5724228391414188,2359.073966690394,2830.888760028473
40,0,2.8828936890636756,1.6828936890636756,2175.564118686716,2610.6769424240592
41,0,2.5517724941644357,1.3517724941644358,2467.0952846107234,2960.514341532868
42,0,2.5626246896467526,1.3626246896467524,2423.684319297338,2908.421183156806
43,0,1.9166881536482072,1.5166881536482073,2926.7092284077016,1170.6836913630805
44,0,2.984577345920693,1.784577345920693,1287.8718460426944,1545.4462152512328
45,0,2.986011250888225,1.7860112508882249,2230.033060406365,2676.039672487638
46,0,3.1544478174882857,1.9544478174882858,2077.7209347194357,2493.2651216633226
47,0,3.0328120557229807,1.832812055722981,2247.540636686152,2697.048764023382
48,0,3.0080902236945337,1.8080902236945338,2265.7294198994564,2718.8753038793475
49,0,3.0138105854255315,1.8138105854255315,2325.8903820104297,2791.0684584125156
50,0,3.1094201218258117,1.9094201218258116,2278.35575378896,2734.0269045467526
51,0,3.2021134443035155,2.0021134443035153,2125.8431251656466,2551.011750198776
52,0,3.2616594845827773,2.0616594845827776,2031.730386631762,2438.076463958114
53,0,3.29732124161424,2.0973212416142397,1936.8554116662692,2324.2264939995234
54,0,3.3321479978644444,2.1321479978644446,1944.4333261184554,2333.319991342146
55,0,3.948652252047855,2.1486522520478553,1524.8720142577854,2744.7696256640133
56,0,4.030688735546813,2.2306887355468135,1470.6618069570256,2647.1912525226458
57,0,3.480062896412413,2.280062896412413,1882.361108085849,2258.8333297030185
58,0,4.492736008463941,2.292736008463941,1226.0952111256072,2697.409464476336
59,0,4.191162080572498,2.3911620805724985,920.9459281654193,1657.7026706977547
60,0,3.5268623947381634,2.3268623947381637,1599.0036973945926,1918.8044368735107
61,0,3.5664729365596486,2.3664729365596484,986.0918914558698,1183.310269747044
62,0,3.470944464393348,2.270944464393348,1600.6204975488329,1920.7445970585998
63,0,3.4111099420546553,2.2111099420546556,1622.8163533184054,1947.379623982086
64,0,3.323380277542487,2.1233802775424873,1593.656811231741,1912.3881734780887
65,0,3.363906666552128,2.1639066665521285,919.7604833647316,1103.7125800376778
66,0,3.2348673119554388,2.0348673119554386,1656.8169185592628,1988.1803022711156
67,0,3.262548947488442,2.062548947488442,1742.8369652498202,2091.4043582997847
68,0,3.3339181624766017,2.133918162476602,1489.236894776419,1787.0842737317023
69,0,3.3320618263660364,2.1320618263660367,2278.4812656262598,2734.177518751511
70,0,3.4277428114002566,2.2277428114002564,2259.458590712855,2711.350308855426
71,0,3.593859777976756,2.3938597779767563,2274.0280358764735,2728.8336430517675
72,0,3.6460142818618992,2.446014281861899,2202.2841246294015,2642.740949555282
73,0,3.5646614778854024,2.3646614778854027,2234.7924409827674,2681.7509291793203
74,0,3.557563667410226,2.357563667410226,2159.5086808802516,2591.4104170563014
75,0,3.75079607746754,2.1507960774675405,1981.2947727441763,3170.0716363906813
76,0,3.7197676388453473,2.1197676388453477,1047.3484229818046,1675.757476770887
77,0,3.3852919268758557,2.185291926875856,2305.198569686807,2766.2382836241677
78,0,3.3300921460279724,2.1300921460279727,1408.9210488389597,1690.7052586067512
79,0,3.2484221214639515,2.0484221214639513,2414.9456509647775,2897.9347811577336
80,0,3.289141690835092,2.0891416908350924,2497.508695861288,2997.0104350335446
81,0,2.2443943299298073,2.044394329929807,3195.521532997197,639.10430659944
82,0,3.442583397495543,2.242583397495543,2362.567364276116,2835.08083713134
83,0,3.3223479695271037,2.1223479695271035,2486.7230521442902,2984.067662573149
84,0,3.1192049586922623,1.9192049586922624,2435.6583595677293,2922.790031481275
85,0,3.1956864083368552,1.9956864083368553,2342.922738731824,2811.507286478189
86,0,3.063563649435939,1.863563649435939,2460.813477342456,2952.976172810947
87,0,3.0276035249821565,1.8276035249821565,2470.521053363322,2964.6252640359867
88,0,2.975585944031515,1.7755859440315152,2571.510856861212,3085.813028233453
89,0,3.0148252947548375,1.8148252947548373,2482.189223925345,2978.6270687104143
90,0,2.8458173185807283,1.6458173185807285,2627.9128157328705,3153.4953788794437
91,0,2.863122188160885,1.6631221881608846,2627.0995343127524,3152.519441175303
92,0,2.7503094976852402,1.55030949768524,2713.5412071618393,3256.2494485942075
93,0,2.842585606090872,1.642585606090872,2712.204590713139,3254.645508855767
94,0,2.6570762116254225,1.4570762116254226,2815.1120818489776,3378.134498218773
95,0,2.5873159772644767,1.387315977264477,2901.1038815398642,3481.3246578478365
96,0,2.529787909158924,1.3297879091589238,2882.784562550961,3459.3414750611537
97,0,2.4205029174409294,1.2205029174409294,2971.8614666893404,3566.2337600272085
98,0,2.556383993199573,1.3563839931995731,2922.207280364536,3506.648736437443
99,0,2.572654966990102,1.3726549669901023,2876.628249371303,3451.953899245563
0,1,1.2,1.0,2500.0,499.9999999999999
1,1,1.2189492034285796,1.0189492034285796,2514.096879895231,502.8193759790461
2,1,1.0556863365745788,0.8556863365745788,3181.343289772115,636.2686579544229
3,1,0.9093454150051716,0.7093454150051716,3286.047574072432,657.2095148144866
4,1,0.9486217375658264,0.7486217375658263,3246.066576759572,649.2133153519146
5,1,1.0266789124298468,0.8266789124298468,3212.6873398576668,642.5374679715333
6,1,0.9528349277478294,0.7528349277478293,3255.3768034886853,651.0753606977373
7,1,0.95647722749442,0.75647722749442,3236.3728380458647,647.2745676091728
8,1,0.9040298344396049,0.704029834439605,2870.5808560977307,574.116171219546
9,1,0.953398696143491,0.7533986961434911,2950.3665812735762,590.0733162547151
10,1,0.8903864611658325,0.6903864611658325,3293.3404893402662,658.6680978680535
11,1,0.8942554178601823,0.6942554178601823,3175.437724362974,635.0875448725947
12,1,0.7446006806794512,0.5446006806794512,3202.0475980916394,640.4095196183277
13,1,2.9581914228585684,0.5581914228585685,1370.2429533141737,3288.5830879540167
14,1,2.7752486180576046,0.3752486180576047,1451.3742302345172,3483.298152562841
15,1,2.786854997992995,0.3868549979929947,1460.1522669759888,3504.3654407423737
16,1,2.832193173044308,0.43219317304430815,1408.81507626736,3381.1561830416636
17,1,2.73748849696867,0.3374884969686701,1345.4931739229585,3229.1836174151003
18,1,1.6215136797455394,0.4215136797455394,2242.16001311978,2690.5920157437363
19,1,2.721553473482764,0.3215534734827642,1524.9043363011795,3659.7704071228304
20,1,2.7558573401491158,0.35585734014911596,1534.803591915252,3683.5286205966045
21,1,2.754866442583082,0.35486644258308186,1563.8346110072807,3753.2030664174745
22,1,1.0395657984861373,0.4395657984861373,2903.9803293760806,1742.3881976256482
23,1,3.0811778115446518,0.48117781154465167,1273.658594460654,3311.5123455977005
24,1,2.8992259636887017,0.49922596368870154,1360.6238419281592,3265.4972206275825
25,1,2.8659395148649933,0.4659395148649935,1440.6327151398143,3457.518516335554
26,1,2.8738949090684467,0.47389490906844683,1452.609413379463,3486.262592110711
27,1,2.825863956875538,0.4258639568755382,2363.232421882561,5671.757812518146
28,1,2.901768404271368,0.5017684042713684,2198.3293199783825,5275.990367948117
29,1,2.8516727325501385,0.4516727325501386,2338.675154824056,5612.820371577734
30,1,2.756844829807865,0.356844829807865,2493.888148347925,5985.331556035021
31,1,2.739089244658742,0.3390892446587419,2584.662051872437,6203.18892449385
32,1,2.9114086530749796,0.11140865307497982,2517.56786511158,7049.190022312424
33,1,2.6292040954120375,0.02920409541203753,2729.2901976641333,7096.154513926746
34,1,2.8,0.0,2562.015792355249,7173.644218594696
35,1,2.894660809355291,0.09466080935529099,2312.436165602599,6474.821263687277
36,1,2.8543920276791956,0.05439202767919576,2350.649895864477,6581.819708420535
37,1,2.9857081488213577,0.18570814882135783,2133.3872476201286,5973.48429333636
38,1,2.9276029933776506,0.12760299337765071,2201.9105747669364,6165.349609347421
39,1,2.8544649097747197,0.05446490977471978,2264.260282997958,6339.928792394281
40,1,2.8,0.0,2267.62910911552,6349.361505523455
41,1,2.819460910534685,0.019460910534684895,2158.0332020718374,6042.492965801144
42,1,2.8,0.0,2152.4380431527793,6026.826520827782
43,1,2.8293572232831266,0.029357223283126944,1854.3683515747832,5192.231384409392
44,1,1.0,0.0,3473.9066529955558,3473.9066529955558
45,1,3.0,0.0,2214.489794986268,6643.469384958804
46,1,3.0414920846661264,0.041492084666126444,2198.44315917858,6595.329477535741
47,1,3.1173819114322194,0.11738191143221959,2154.48483692157,6463.45451076471
48,1,3.049651616763456,0.04965161676345621,2219.131826488971,6657.3954794669135
49,1,3.0887052679632188,0.08870526796321873,2240.4026058352997,6721.2078175059
50,1,3.18506800908036,0.1850680090803597,2193.7887646218073,6581.3662938654215
51,1,3.185304974744504,0.1853049747445042,2143.7844960389475,6431.3534881168425
52,1,3.0703929540181454,0.07039295401814538,2235.625606793259,6706.876820379777
53,1,3.0967152175084736,0.09671521750847357,2141.2049861206488,6423.614958361946
54,1,3.1746972806179303,0.1746972806179305,2103.696308106696,6311.088924320088
55,1,3.155834967331437,0.1558349673314374,2266.6866141121304,6800.059842336392
56,1,3.0,0.0,2462.203980970406,7386.611942911219
57,1,3.0,0.0,2393.0252144192673,7179.075643257802
58,1,3.138471200946607,0.13847120094660686,2413.231928403211,7239.695785209633
59,1,3.0353130612542207,0.03531306125422083,1641.4345010759514,4924.303503227854
60,1,3.0178868391418288,0.017886839141828897,2062.3962273816455,6187.188682144937
61,1,1.0304811921077957,0.03048119210779563,3504.2977357288723,3504.2977357288723
62,1,3.079113538601139,0.07911353860113889,1947.0332969841859,5841.099890952558
63,1,3.0464415778748295,0.046441577874829394,1947.4042103813874,5842.2126311441625
64,1,3.0041111727276233,0.004111172727623416,1869.4902670409344,5608.470801122803
65,1,0.632686927842091,0.032686927842090985,3603.7244580846136,2162.2346748507684
66,1,3.0929965531470405,0.09299655314704053,1778.6125997467288,5335.8377992401865
67,1,3.23305209616517,0.23305209616516998,1768.7315494751094,5306.1946484253285
68,1,3.2733747834183573,0.2733747834183571,1535.0078992782437,4605.023697834731
69,1,3.0994081392449084,0.29940813924490867,2559.5614955240458,7166.772187467328
70,1,3.2607906099213952,0.46079060992139526,2456.1653272938115,6877.262916422672
71,1,3.35908203626127,0.5590820362612701,2557.2733545415444,7160.365392716324
72,1,3.3072792060563785,0.5072792060563788,2608.7276137049935,7304.437318373981
73,1,3.295968614430791,0.49596861443079115,2556.131001924801,7157.166805389442
74,1,3.2300368515081423,0.4300368515081424,2543.7621362840555,7122.533981595355
75,1,3.1558220088481894,0.35582200884818976,2667.7557901275777,7469.716212357217
76,1,1.163954822390556,0.3639548223905561,3759.0567703187535,3007.2454162550025
77,1,3.276744121906463,0.47674412190646315,2433.7681190638887,6814.550733378888
78,1,3.281287821288271,0.48128782128827124,1443.7246840039295,4042.429115211002
79,1,3.3961737997710877,0.5961737997710879,2242.9701399992096,6280.316391997786
80,1,3.4362644475618387,0.6362644475618388,2320.3831780606097,6497.072898569707
81,1,3.562294499279218,0.7622944992792182,1653.3445295457736,4629.3646827281655
82,1,3.5601293168637116,0.7601293168637119,2227.713970364363,6237.599117020216
83,1,3.446146554293117,0.6461465542931168,2337.4638294584865,6544.898722483762
84,1,3.341148068598984,0.5411480685989841,2179.827049530306,6103.515738684856
85,1,3.267341219461537,0.4673412194615372,2260.467788798984,6329.309808637156
86,1,3.330933168656421,0.5309331686564213,2152.881586394411,6028.06844190435
87,1,3.4572868087919,0.6572868087919004,1992.893174148055,5580.100887614554
88,1,3.4150129543789474,0.6150129543789477,2064.277121802029,5779.975941045681
89,1,3.456331804457517,0.6563318044575175,1990.5035909728877,5573.410054724085
90,1,3.3974425766183303,0.5974425766183304,1994.4678958893205,5584.510108490097
91,1,3.4589898790790246,0.6589898790790245,1950.2285161758878,5460.639845292485
92,1,3.40323975132835,0.6032397513283501,1957.737311701725,5481.66447276483
93,1,3.5795080074570302,0.5795080074570301,1876.2978480577788,5628.8935441733365
94,1,3.4041425609528684,0.6041425609528683,1937.636443209365,5425.382040986222
95,1,3.5144415238850124,0.5144415238850124,1824.9061116879298,5474.71833506379
96,1,3.3183307760752783,0.5183307760752787,1943.4898632481845,5441.771617094916
97,1,3.2220368947316236,0.4220368947316238,1990.5709841722341,5573.598755682256
98,1,3.3607957890978213,0.36079578909782106,1954.4979369309435,5863.49381079283
99,1,3.3911775545893184,0.39117755458931847,1910.4858238331278,5731.457471499383
