data/runs/5f3ffcd1-3364-4bf7-9a04-49e185bbf05d/panel.csv
t,firm_id,price,cost,quantity,profit
0,2,1.2,1.0,2500.0,499.9999999999999
1,2,1.2178364428799318,1.0178364428799318,2515.496063009792,503.0992126019583
2,2,1.3508142007270851,1.1508142007270852,2744.8861362706225,548.9772272541244
3,2,1.3141682005312703,1.1141682005312703,2683.908438094501,536.7816876189
4,2,1.274980746012801,1.0749807460128011,2757.3345629966666,551.4669125993332
5,2,1.3111721449583504,1.1111721449583505,2786.7084941151306,557.341698823026
6,2,1.2841758732272888,1.0841758732272888,2758.3634684727776,551.6726936945554
7,2,1.2420947763569388,1.0420947763569388,2805.675791493415,561.1351582986829
8,2,1.1451344846134244,0.9451344846134244,2544.5710079203113,508.91420158406214
9,2,1.2483140055958377,1.0483140055958378,2545.8683054676458,509.17366109352906
10,2,1.267566547178797,1.067566547178797,2727.300665858479,545.4601331716957
11,2,1.041663121782747,0.841663121782747,2949.812582040529,589.9625164081057
12,2,0.9354963790808817,0.7354963790808817,2910.551640431081,582.1103280862161
13,2,0.8904938385870382,0.6904938385870383,3852.9413916719213,770.5882783343841
14,2,0.8362823195655771,0.636282319565577,3826.6662825374133,765.3332565074829
15,2,0.8804954481323064,0.6804954481323064,3787.554263243434,757.5108526486866
16,2,0.8319143064543999,0.6319143064543998,3830.0904263749335,766.0180852749869
17,2,0.8571278501940942,0.6571278501940941,3445.058692377163,689.0117384754328
18,2,0.7372774270435973,0.5372774270435973,3488.7999358492784,697.7599871698559
19,2,0.8974939976196181,0.6974939976196181,3796.051379136839,759.210275827368
20,2,0.93393947995861,0.7339394799586101,3816.6052511389835,763.3210502277965
21,2,1.0349630228968503,0.8349630228968502,3695.4140277571355,739.0828055514273
22,2,0.88180645829234,0.68180645829234,3142.3219256149478,628.4643851229894
23,2,0.8500597756860988,0.6500597756860987,3886.280614231065,777.2561228462133
24,2,0.8250652098584572,0.6250652098584573,3838.2774252858417,767.6554850571682
25,2,0.930827703527743,0.7308277035277431,3791.032116481713,758.2064232963425
26,2,0.9696041362250838,0.7696041362250838,3764.0929690624625,752.8185938124924
27,2,2.7214298304144693,0.9214298304144697,2489.912116846368,4481.841810323462
28,2,2.5428392057282623,0.7428392057282625,2630.469299474297,4734.844739053734
29,2,2.6804792617904605,0.8804792617904607,2547.675389046842,4585.815700284315
30,2,2.7296877821439356,0.9296877821439358,2527.9824190920635,4550.368354365714
31,2,2.776018300015148,0.976018300015148,2537.3753942563403,4567.275709661412
32,2,2.8660097136101483,1.0660097136101485,2575.3688648006323,4635.663956641138
33,2,2.930610642776689,1.130610642776689,2347.4703483338817,4225.446627000987
34,2,2.7962149599912354,0.9962149599912357,2566.8690494883817,4620.364289079087
35,2,2.6230582503403888,0.823058250340389,2648.789823902762,4767.82168302497
36,2,2.5984992490682686,0.7984992490682687,2671.4949728942065,4808.690951209571
37,2,2.4805245982422846,0.6805245982422847,2746.4323687895985,4943.578263821277
38,2,2.467525814795806,0.6675258147958061,2771.4316167829306,4988.576910209275
39,2,2.511118644262941,0.7111186442629412,2688.3328751558242,4838.9991752804835
40,2,2.3937167983741308,0.5937167983741309,2778.403386098882,5001.126094977987
41,2,2.3806804377828064,0.5806804377828064,2687.435756658719,4837.384361985694
42,2,2.3378747257234362,0.5378747257234364,2711.938818774941,4881.489873794893
43,2,2.4054098567400146,0.6054098567400149,2292.2131916098133,4125.983744897663
44,2,2.3550347407570893,0.5550347407570893,1764.314847966195,3175.766726339151
45,2,2.546769805277752,0.7467698052777519,2777.7385723036837,4999.92943014663
46,2,2.514006968492622,0.7140069684926219,2861.917953050992,5151.452315491785
47,2,2.5939698717232518,0.7939698717232518,2798.9872631961393,5038.1770737530505
48,2,2.615184454974447,0.8151844549744472,2757.5693768057863,4963.624878250414
49,2,2.7030676139664687,0.9030676139664686,2716.8535060771355,4890.336310938844
50,2,2.723022641036835,0.9230226410368353,2763.9277407946165,4975.069933430309
51,2,2.6051837499863346,0.8051837499863346,2865.1861893977025,5157.335140915865
52,2,2.57337580701702,0.77337580701702,2866.322003287489,5159.37960591748
53,2,2.448419013523206,0.648419013523206,2960.969801106541,5329.745641991774
54,2,2.4809724954459664,0.6809724954459668,2975.935182887424,5356.683329197363
55,2,2.5269478209132457,0.7269478209132461,3104.220685815042,5587.5972344670745
56,2,2.582635372511218,0.7826353725112183,3033.567106036284,5460.420790865311
57,2,2.6418609178419667,0.841860917841967,2862.3068387474414,5152.152309745394
58,2,2.586431023669741,0.7864310236697412,3180.336430235591,5724.605574424063
59,2,1.3996468379891664,0.5996468379891664,3718.809785379315,2975.047828303452
60,2,2.1586023767038593,0.35860237670385964,3169.3000376118807,5704.740067701385
61,2,2.146861516872465,0.3468615168724653,2005.3126370863847,3609.5627467554923
62,2,2.069133920679768,0.26913392067976794,3226.1731027334904,5807.111584920282
63,2,2.043850091470312,0.24385009147031222,3214.8897181501034,5786.801492670185
64,2,1.8868254622762193,0.08682546227621948,3268.426460863662,5883.167629554591
65,2,1.94176345612911,0.14176345612911004,1872.790600466042,3371.023080838875
66,2,1.8675839980860853,0.06758399808608552,3282.285240847004,5908.113433524606
67,2,2.019830119749831,0.21983011974983113,3244.215742637535,5839.5883367475635
68,2,1.6318590086090659,0.23185900860906603,3487.8776029726682,4883.028644161735
69,2,3.0827427715254765,0.28274277152547667,2580.978619424847,7226.740134389571
70,2,3.1147785027104162,0.31477850271041646,2642.188040996667,7398.126514790667
71,2,3.3380177129302857,0.5380177129302859,2584.349304790991,7236.178053414775
72,2,3.3292235619886053,0.5292235619886053,2580.260647960611,7224.729814289711
73,2,3.2584473599018264,0.4584473599018266,2604.538278546216,7292.707179929404
74,2,3.1494405055889736,0.349440505588974,2648.3645914178464,7415.420855969969
75,2,3.1500435317313245,0.35004353173132474,2675.474718564123,7491.329211979544
76,2,3.0906052133074366,0.2906052133074368,1434.5380363806887,4016.706501865928
77,2,3.1212650192871148,0.3212650192871149,2630.5166556246522,7365.4466357490255
78,2,1.4685503915754445,0.26855039157544464,3573.677133578555,4288.412560294266
79,2,3.046838290449537,0.24683829044953706,2671.042104518006,7478.917892650416
80,2,3.215599583424231,0.41559958342423076,2591.054063039051,7254.9513765093425
81,2,3.226488157680657,0.42648815768065723,1955.6124044598323,5475.7147324875305
82,2,3.1719813689325127,0.37198136893251293,2704.85933267976,7573.606131503328
83,2,3.242581029204731,0.442581029204731,2587.906559198612,7246.138365756113
84,2,2.918879175710538,0.11887917571053841,2692.257295450983,7538.320427262752
85,2,2.9132373748905027,0.113237374890503,2698.3047362345956,7555.253261456867
86,2,2.883122746313977,0.083122746313977,2693.152468131567,7540.826910768386
87,2,2.8,0.0,2768.2928862443114,7751.220081484072
88,2,2.8913685388695542,0.09136853886955425,2682.10601066838,7509.8968298714635
89,2,2.8,0.0,2763.653592550884,7738.230059142474
90,2,2.8,0.0,2688.8096441889043,7528.667003728931
91,2,2.8,0.0,2711.3359747556797,7591.740729315902
92,2,2.8241524313347384,0.024152431334738333,2615.180273974597,7322.504767128871
93,2,2.8521294667707044,0.052129466770704416,2699.292970515943,7558.020317444641
94,2,2.9495378076873986,0.14953780768739872,2432.1393930926793,6809.990300659501
95,2,2.9892846267644595,0.1892846267644596,2372.886125232342,6644.081150650557
96,2,2.989375976671092,0.189375976671092,2290.941011649894,6414.634832619702
97,2,3.14793575030161,0.3479357503016103,2065.7060824490836,5783.977030857433
98,2,3.123159375553536,0.32315937555353635,2201.0875023399844,6163.045006551956
99,2,2.9887919580766895,0.18879195807668958,2336.2576774242652,6541.521496787942
